

Version:	3.50
CmdLine:	C:\Users\PC\Documents\NetBeansProjects\AutoTech\dist\AutoTech.exe --l4j-debug
JNI:		No
WOW64:		Yes
Working dir:	C:\Users\PC\Documents\NetBeansProjects\AutoTech\dist\.
Requires JDK:	No
Requires 64-Bit: No
Java min ver:	1.026.000
Java max ver:	
Substitute:	JAVA_HOME = 
Substitute:	PATH = C:\Users\PC\AppData\Local\Programs\Python\Python313\Scripts\;C:\Users\PC\AppData\Local\Programs\Python\Python313\;C:\Program Files\Common Files\Oracle\Java\javapath;C:\Program Files\Microsoft SDKs\Azure\CLI2\wbin;C:\WINDOWS\system32;C:\WINDOWS;C:\WINDOWS\System32\Wbem;C:\WINDOWS\System32\WindowsPowerShell\v1.0\;C:\WINDOWS\System32\OpenSSH\;C:\Program Files (x86)\NVIDIA Corporation\PhysX\Common;C:\Users\PC\AppData\Local\fnm_multishells\5580_1726594704123;C:\Program Files\NVIDIA Corporation\NVIDIA app\NvDLISR;C:\xampp\php;C:\composer;C:\Program Files\Git\cmd;C:\ProgramData\chocolatey\bin;C:\Program Files\Microsoft SQL Server\Client SDK\ODBC\170\Tools\Binn\;C:\Program Files\nodejs\;C:\Program Files (x86)\Microsoft SQL Server\150\DTS\Binn\;C:\Program Files\Microsoft SQL Server\150\DTS\Binn\;C:\Program Files (x86)\Microsoft SQL Server\150\Tools\Binn\;C:\Program Files\Microsoft SQL Server\150\Tools\Binn\;C:\Program Files\dotnet\;C:\Program Files\Microsoft SQL Server\170\Tools\Binn\;C:\Program Files (x86)\Windows Kits\10\Windows Performance Toolkit\;C:\Users\PC\AppData\Local\Programs\Python\Launcher\;C:\Users\PC\AppData\Local\Microsoft\WindowsApps;C:\Program Files\AdoptOpenJDK\jdk-17.0.2.8-hotspot\bin;C:\gradle-8.11\bin;C:\Users\PC\AppData\Local\Programs\Eclipse Adoptium\jdk-21.0.5.11-hotspot\bin\;C:\Users\PC\AppData\Roaming\Composer\vendor\bin;C:\composer;C:\Nueva carpeta\flutter\bin;C:\Users\PC\AppData\Local\Pub\Cache\bin;C:\Users\PC\AppData\Roaming\npm;D:\gradle-9.0.0\bin;C:\Users\PC\AppData\Local\Programs\Antigravity\bin;C:\Users\PC\AppData\Local\Programs\Antigravity IDE\bin;C:\Program Files\PostgreSQL\18\bin;C:\Users\PC\.dotnet\tools;C:\Program Files\Java\jdk1.8.0_202\bin
JRE paths:	;C:\Users\PC\AppData\Local\Programs\Python\Python313\Scripts\;C:\Users\PC\AppData\Local\Programs\Python\Python313\;C:\Program Files\Common Files\Oracle\Java\javapath;C:\Program Files\Microsoft SDKs\Azure\CLI2\wbin;C:\WINDOWS\system32;C:\WINDOWS;C:\WINDOWS\System32\Wbem;C:\WINDOWS\System32\WindowsPowerShell\v1.0\;C:\WINDOWS\System32\OpenSSH\;C:\Program Files (x86)\NVIDIA Corporation\PhysX\Common;C:\Users\PC\AppData\Local\fnm_multishells\5580_1726594704123;C:\Program Files\NVIDIA Corporation\NVIDIA app\NvDLISR;C:\xampp\php;C:\composer;C:\Program Files\Git\cmd;C:\ProgramData\chocolatey\bin;C:\Program Files\Microsoft SQL Server\Client SDK\ODBC\170\Tools\Binn\;C:\Program Files\nodejs\;C:\Program Files (x86)\Microsoft SQL Server\150\DTS\Binn\;C:\Program Files\Microsoft SQL Server\150\DTS\Binn\;C:\Program Files (x86)\Microsoft SQL Server\150\Tools\Binn\;C:\Program Files\Microsoft SQL Server\150\Tools\Binn\;C:\Program Files\dotnet\;C:\Program Files\Microsoft SQL Server\170\Tools\Binn\;C:\Program Files (x86)\Windows Kits\10\Windows Performance Toolkit\;C:\Users\PC\AppData\Local\Programs\Python\Launcher\;C:\Users\PC\AppData\Local\Microsoft\WindowsApps;C:\Program Files\AdoptOpenJDK\jdk-17.0.2.8-hotspot\bin;C:\gradle-8.11\bin;C:\Users\PC\AppData\Local\Programs\Eclipse Adoptium\jdk-21.0.5.11-hotspot\bin\;C:\Users\PC\AppData\Roaming\Composer\vendor\bin;C:\composer;C:\Nueva carpeta\flutter\bin;C:\Users\PC\AppData\Local\Pub\Cache\bin;C:\Users\PC\AppData\Roaming\npm;D:\gradle-9.0.0\bin;C:\Users\PC\AppData\Local\Programs\Antigravity\bin;C:\Users\PC\AppData\Local\Programs\Antigravity IDE\bin;C:\Program Files\PostgreSQL\18\bin;C:\Users\PC\.dotnet\tools;C:\Program Files\Java\jdk1.8.0_202\bin
Check launcher:	C:\Users\PC\AppData\Local\Programs\Python\Python313\Scripts\bin\javaw.exe (not found)
Check launcher:	C:\Users\PC\AppData\Local\Programs\Python\Python313\bin\javaw.exe (not found)
Check launcher:	C:\Program Files\Common Files\Oracle\Java\javapath\bin\javaw.exe (not found)
Check launcher:	C:\Program Files\Microsoft SDKs\Azure\CLI2\wbin\bin\javaw.exe (not found)
Check launcher:	C:\WINDOWS\system32\bin\javaw.exe (not found)
Check launcher:	C:\WINDOWS\bin\javaw.exe (not found)
Check launcher:	C:\WINDOWS\System32\Wbem\bin\javaw.exe (not found)
Check launcher:	C:\WINDOWS\System32\WindowsPowerShell\v1.0\bin\javaw.exe (not found)
Check launcher:	C:\WINDOWS\System32\OpenSSH\bin\javaw.exe (not found)
Check launcher:	C:\Program Files (x86)\NVIDIA Corporation\PhysX\Common\bin\javaw.exe (not found)
Check launcher:	C:\Users\PC\AppData\Local\fnm_multishells\5580_1726594704123\bin\javaw.exe (not found)
Check launcher:	C:\Program Files\NVIDIA Corporation\NVIDIA app\NvDLISR\bin\javaw.exe (not found)
Check launcher:	C:\xampp\php\bin\javaw.exe (not found)
Check launcher:	C:\composer\bin\javaw.exe (not found)
Check launcher:	C:\Program Files\Git\cmd\bin\javaw.exe (not found)
Check launcher:	C:\ProgramData\chocolatey\bin\javaw.exe (not found)
Check launcher:	C:\Program Files\Microsoft SQL Server\Client SDK\ODBC\170\Tools\Binn\bin\javaw.exe (not found)
Check launcher:	C:\Program Files\nodejs\bin\javaw.exe (not found)
Check launcher:	C:\Program Files (x86)\Microsoft SQL Server\150\DTS\Binn\bin\javaw.exe (not found)
Check launcher:	C:\Program Files\Microsoft SQL Server\150\DTS\Binn\bin\javaw.exe (not found)
Check launcher:	C:\Program Files (x86)\Microsoft SQL Server\150\Tools\Binn\bin\javaw.exe (not found)
Check launcher:	C:\Program Files\Microsoft SQL Server\150\Tools\Binn\bin\javaw.exe (not found)
Check launcher:	C:\Program Files\dotnet\bin\javaw.exe (not found)
Check launcher:	C:\Program Files\Microsoft SQL Server\170\Tools\Binn\bin\javaw.exe (not found)
Check launcher:	C:\Program Files (x86)\Windows Kits\10\Windows Performance Toolkit\bin\javaw.exe (not found)
Check launcher:	C:\Users\PC\AppData\Local\Programs\Python\Launcher\bin\javaw.exe (not found)
Check launcher:	C:\Users\PC\AppData\Local\Microsoft\WindowsApps\bin\javaw.exe (not found)
Check launcher:	C:\Program Files\AdoptOpenJDK\jdk-17.0.2.8-hotspot\bin\javaw.exe (not found)
Check launcher:	C:\gradle-8.11\bin\javaw.exe (not found)
Check launcher:	C:\Users\PC\AppData\Local\Programs\Eclipse Adoptium\jdk-21.0.5.11-hotspot\bin\bin\javaw.exe (not found)
Check launcher:	C:\Users\PC\AppData\Roaming\Composer\vendor\bin\javaw.exe (not found)
Check launcher:	C:\composer\bin\javaw.exe (not found)
Check launcher:	C:\Nueva carpeta\flutter\bin\javaw.exe (not found)
Check launcher:	C:\Users\PC\AppData\Local\Pub\Cache\bin\javaw.exe (not found)
Check launcher:	C:\Users\PC\AppData\Roaming\npm\bin\javaw.exe (not found)
Check launcher:	D:\gradle-9.0.0\bin\javaw.exe (not found)
Check launcher:	C:\Users\PC\AppData\Local\Programs\Antigravity\bin\javaw.exe (not found)
Check launcher:	C:\Users\PC\AppData\Local\Programs\Antigravity IDE\bin\javaw.exe (not found)
Check launcher:	C:\Program Files\PostgreSQL\18\bin\javaw.exe (not found)
Check launcher:	C:\Users\PC\.dotnet\tools\bin\javaw.exe (not found)
Check launcher:	C:\Program Files\Java\jdk1.8.0_202\bin\javaw.exe (OK)
Version string: 1.008.000_202 / 64-Bit (Ignore)
64-bit search:	SOFTWARE\JavaSoft\Java Runtime Environment...
32-bit search:	SOFTWARE\JavaSoft\Java Runtime Environment...
64-bit search:	SOFTWARE\JavaSoft\Java Development Kit...
Check:		SOFTWARE\JavaSoft\Java Development Kit\1.8
Version string: 1.008.000 / 64-Bit (Ignore)
Ignore:		1.008.000
Check:		SOFTWARE\JavaSoft\Java Development Kit\1.8.0_202
Version string: 1.008.000_202 / 64-Bit (Ignore)
Ignore:		1.008.000_202
32-bit search:	SOFTWARE\JavaSoft\Java Development Kit...
64-bit search:	SOFTWARE\JavaSoft\JRE...
32-bit search:	SOFTWARE\JavaSoft\JRE...
64-bit search:	SOFTWARE\JavaSoft\JDK...
Check:		SOFTWARE\JavaSoft\JDK\21.0.4
Version string: 1.021.000_004 / 64-Bit (Ignore)
Ignore:		1.021.000_004
Check:		SOFTWARE\JavaSoft\JDK\26
Version string: 1.026.000 / 64-Bit (OK)
Check launcher:	C:\Program Files\Java\jdk-26\bin\javaw.exe (OK)
Match:		1.026.000
Runtime used:	1.026.000 (64-bit)
Heap -Xms:	Requested 64 MB / 0%, Available: 4635 MB, Heap size: 64 MB
Heap -Xmx:	Requested 512 MB / 0%, Available: 4635 MB, Heap size: 512 MB
Main class:	presentacion.Main
Add classpath:	lib\itextpdf-5.5.13.3.jar
Add classpath:	lib\jcommon-1.0.23.jar
Add classpath:	lib\jfreechart-1.0.19.jar
Add classpath:	lib\mysql-connector-j-26.7.0.jar
Launcher:	C:\Program Files\Java\jdk-26\bin\javaw.exe
Launcher args:	-Xms64m -Xmx512m -classpath "C:\Users\PC\Documents\NetBeansProjects\AutoTech\dist\AutoTech.exe;lib\itextpdf-5.5.13.3.jar;lib\jcommon-1.0.23.jar;lib\jfreechart-1.0.19.jar;lib\mysql-connector-j-26.7.0.jar" presentacion.Main
Args length:	221/32768 chars
Exit code:	0
